// Jest Snapshot v1, https://goo.gl/fbAQLP

exports[`AddProperty Renders as expected 1`] = `
<div
  className="add-property"
>
  <form
    className="add-property-form"
    onSubmit={[Function]}
  >
    <label
      htmlFor="title"
    >
      Property Description
      <input
        className="input-text"
        id="title"
        name="title"
        onChange={[Function]}
        placeholder="2 bed flat"
        type="text"
        value=""
      />
    </label>
    <label
      htmlFor="type"
    >
      Type
      <select
        className="select-type"
        id="type"
        name="type"
        onChange={[Function]}
        value="Flat"
      >
        <option
          value="Flat"
        >
          Flat
        </option>
        <option
          value="Detached"
        >
          Detached
        </option>
        <option
          value="Semi-Detached"
        >
          Semi-Detached
        </option>
        <option
          value="Terraced"
        >
          Terraced
        </option>
        <option
          value="End of Terrace"
        >
          End of Terrace
        </option>
        <option
          value="Cottage"
        >
          Cottage
        </option>
        <option
          value="Bungalow"
        >
          Bungalow
        </option>
      </select>
    </label>
    <label
      htmlFor="bedrooms"
    >
      Bedrooms
      <input
        className="input-number"
        id="bedrooms"
        max="9"
        min="0"
        name="bedrooms"
        onChange={[Function]}
        placeholder="0"
        step="1"
        type="number"
        value={0}
      />
    </label>
    <label
      htmlFor="bathrooms"
    >
      Bathrooms
      <input
        className="input-number"
        id="bathrooms"
        max="9"
        min="0"
        name="bathrooms"
        onChange={[Function]}
        placeholder="0"
        step="1"
        type="number"
        value={0}
      />
    </label>
    <label
      htmlFor="price"
    >
      Price
      <input
        className="input-number"
        id="price"
        min="0"
        name="price"
        onChange={[Function]}
        placeholder="0"
        step="100"
        type="number"
        value={0}
      />
    </label>
    <label
      htmlFor="city"
    >
      City
      <select
        className="select-city"
        id="city"
        name="city"
        onChange={[Function]}
        value="Manchester"
      >
        <option
          value="Manchester"
        >
          Manchester
        </option>
        <option
          value="Leeds"
        >
          Leeds
        </option>
        <option
          value="Sheffield"
        >
          Sheffield
        </option>
        <option
          value="Liverpool"
        >
          Liverpool
        </option>
      </select>
    </label>
    <label
      htmlFor="email"
    >
      Email
      <input
        className="input-email"
        id="email"
        name="email"
        onChange={[Function]}
        placeholder="john.smith@email.co.uk"
        type="email"
        value=""
      />
    </label>
    <button
      className="button-add"
      type="submit"
    >
      Add
    </button>
  </form>
</div>
`;
