// Jest Snapshot v1, https://goo.gl/fbAQLP

exports[`NavBar Renders as expected 1`] = `
<div
  className="navbar"
>
  <ul
    className="navbar-links"
  >
    <img
      alt="logo"
      className="navbar-logo"
      src="logo.png"
    />
    <li
      className="navbar-links-item"
    >
      <a
        className="item"
        href="/"
        onClick={[Function]}
      >
        View Properties
      </a>
    </li>
    <li
      className="navbar-links-item"
    >
      <a
        className="item"
        href="/add-property"
        onClick={[Function]}
      >
        Add a Property
      </a>
    </li>
    <li
      className="navbar-links-item undefined"
    >
      <a
        className="item"
        href="/saved-properties"
        onClick={[Function]}
      >
        Saved Properties
      </a>
    </li>
  </ul>
  <div
    className="facebook-login"
  >
    <span
      style={
        Object {
          "transition": "opacity 0.5s",
        }
      }
    >
      <link
        href="https://maxcdn.bootstrapcdn.com/font-awesome/4.5.0/css/font-awesome.min.css"
        rel="stylesheet"
      />
      <button
        className="kep-login-facebook metro"
        onClick={[Function]}
        type="button"
      >
        <i
          className="fa fa-facebook"
        />
           Login
      </button>
      <style
        dangerouslySetInnerHTML={
          Object {
            "__html": Array [
              Array [
                9,
                ".kep-login-facebook{font-family:Helvetica,sans-serif;font-weight:700;-webkit-font-smoothing:antialiased;color:#fff;cursor:pointer;display:inline-block;font-size:calc(.27548vw + 12.71074px);text-decoration:none;text-transform:uppercase;transition:background-color .3s,border-color .3s;background-color:#4c69ba;border:calc(.06887vw + .67769px) solid #4c69ba;padding:calc(.34435vw + 13.38843px) calc(.34435vw + 18.38843px)}.kep-login-facebook.small{padding:calc(.34435vw + 3.38843px) calc(.34435vw + 8.38843px)}.kep-login-facebook.medium{padding:calc(.34435vw + 8.38843px) calc(.34435vw + 13.38843px)}.kep-login-facebook.metro{border-radius:0}.kep-login-facebook .fa{margin-right:calc(.34435vw + 3.38843px)}",
                "",
              ],
            ],
          }
        }
      />
    </span>
  </div>
</div>
`;
