// Jest Snapshot v1, https://goo.gl/fbAQLP

exports[`Properties Renders as expected 1`] = `
<div
  className="properties"
>
  <div
    className="column left"
  >
    <div
      className="side-bar"
    >
      <form
        className="search-form"
        onSubmit={[Function]}
      >
        <input
          id="searchText"
          name="searchText"
          onChange={[Function]}
          type="text"
          value=""
        />
        <button
          type="submit"
        >
          <svg
            fill="currentColor"
            height="1em"
            stroke="currentColor"
            strokeWidth="0"
            style={
              Object {
                "color": undefined,
              }
            }
            viewBox="0 0 1024 1024"
            width="1em"
            xmlns="http://www.w3.org/2000/svg"
          >
            <path
              d="M1014.64 969.04L703.71 656.207c57.952-69.408 92.88-158.704 92.88-256.208 0-220.912-179.088-400-400-400s-400 179.088-400 400 179.088 400 400 400c100.368 0 192.048-37.056 262.288-98.144l310.496 312.448c12.496 12.497 32.769 12.497 45.265 0 12.48-12.496 12.48-32.752 0-45.263zM396.59 736.527c-185.856 0-336.528-150.672-336.528-336.528S210.734 63.471 396.59 63.471c185.856 0 336.528 150.672 336.528 336.528S582.446 736.527 396.59 736.527z"
            />
          </svg>
        </button>
      </form>
      <ul
        className="side-bar-links"
      >
        <h5>
          Filter by City:
        </h5>
        <div
          className="cityGroup"
        >
          <li
            className="side-bar-links-item"
          >
            <a
              className="item"
              href="/?query={\\"city\\":\\"Manchester\\"}"
              onClick={[Function]}
            >
              Manchester
            </a>
          </li>
          <li
            className="side-bar-links-item"
          >
            <a
              className="item"
              href="/?query={\\"city\\":\\"Leeds\\"}"
              onClick={[Function]}
            >
              Leeds
            </a>
          </li>
          <li
            className="side-bar-links-item"
          >
            <a
              className="item"
              href="/?query={\\"city\\":\\"Sheffield\\"}"
              onClick={[Function]}
            >
              Sheffield
            </a>
          </li>
          <li
            className="side-bar-links-item"
          >
            <a
              className="item"
              href="/?query={\\"city\\":\\"Liverpool\\"}"
              onClick={[Function]}
            >
              Liverpool
            </a>
          </li>
        </div>
        <h5>
          Sort by:
        </h5>
        <div
          className="sortGroup"
        >
          <li
            className="side-bar-links-item"
          >
            <a
              className="item"
              href="/?sort={\\"price\\":1}"
              onClick={[Function]}
            >
              Price Ascending
            </a>
          </li>
          <li
            className="side-bar-links-item"
          >
            <a
              className="item"
              href="/?sort={\\"price\\":-1}"
              onClick={[Function]}
            >
              Price Descending
            </a>
          </li>
        </div>
      </ul>
    </div>
  </div>
  <div
    className="column right"
  />
</div>
`;
